[98o.976.myftpupload.com/index.html]
[98o.976.myftpupload.com/about/index.html]
[98o.976.myftpupload.com/services/index.html]
[98o.976.myftpupload.com/contact-us/index.html]
[backblue.gif]
[fade.gif]
[index.html]
[fonts.googleapis.com/index.html]
[98o976.p3cdn1.secureserver.net/wp-content/themes/astra/assets/css/minified/main.min6031.css]
[98o976.p3cdn1.secureserver.net/index.html]
[98o976.p3cdn1.secureserver.net/wp-content/plugins/elementor/assets/lib/eicons/css/elementor-icons.min8a6c.css]
[98o976.p3cdn1.secureserver.net/wp-content/plugins/elementor/assets/css/frontend.min2d5e.css]
[98o976.p3cdn1.secureserver.net/wp-content/plugins/elementor/assets/lib/swiper/v8/css/swiper.min8d02.css]
[98o976.p3cdn1.secureserver.net/wp-content/plugins/elementor/assets/css/conditionals/e-swiper.min2d5e.css]
[98o976.p3cdn1.secureserver.net/wp-content/uploads/elementor/css/post-1182b8f8.css]
[98o976.p3cdn1.secureserver.net/wp-content/plugins/elementor/assets/lib/font-awesome/css/all.min2d5e.css]
[98o976.p3cdn1.secureserver.net/wp-content/plugins/elementor/assets/lib/font-awesome/css/v4-shims.min2d5e.css]
[98o976.p3cdn1.secureserver.net/wp-content/plugins/elementor/assets/css/widget-heading.min2d5e.css]
[98o976.p3cdn1.secureserver.net/wp-content/plugins/elementor/assets/css/widget-text-editor.min2d5e.css]
[98o976.p3cdn1.secureserver.net/wp-content/plugins/elementor/assets/css/widget-icon-box.min2d5e.css]
[98o976.p3cdn1.secureserver.net/wp-content/plugins/elementor/assets/css/widget-divider.min2d5e.css]
[98o976.p3cdn1.secureserver.net/wp-content/plugins/elementor/assets/css/widget-icon-list.min2d5e.css]
[98o976.p3cdn1.secureserver.net/wp-content/plugins/elementor/assets/css/widget-image.min2d5e.css]
[98o976.p3cdn1.secureserver.net/wp-content/plugins/elementor/assets/css/widget-testimonial.min2d5e.css]
[98o976.p3cdn1.secureserver.net/wp-content/plugins/elementor/assets/css/widget-image-box.min2d5e.css]
[98o976.p3cdn1.secureserver.net/wp-content/plugins/elementor/assets/css/widget-social-icons.min2d5e.css]
[98o976.p3cdn1.secureserver.net/wp-content/plugins/elementor/assets/css/conditionals/apple-webkit.min2d5e.css]
[98o976.p3cdn1.secureserver.net/wp-content/plugins/elementor/assets/css/widget-counter.min2d5e.css]
[98o976.p3cdn1.secureserver.net/wp-content/uploads/elementor/css/post-2adf4.css]
[98o976.p3cdn1.secureserver.net/wp-content/plugins/elementor/assets/lib/font-awesome/css/fontawesome.minb663.css]
[98o976.p3cdn1.secureserver.net/wp-content/plugins/elementor/assets/lib/font-awesome/css/solid.minb663.css]
[98o976.p3cdn1.secureserver.net/wp-content/plugins/elementor/assets/lib/font-awesome/css/regular.minb663.css]
[98o976.p3cdn1.secureserver.net/wp-content/plugins/elementor/assets/lib/font-awesome/css/brands.minb663.css]
[98o976.p3cdn1.secureserver.net/wp-content/plugins/elementor/assets/lib/font-awesome/js/v4-shims.min2d5e.js]
[98o976.p3cdn1.secureserver.net/wp-includes/js/jquery/jquery.minf22b.js]
[98o976.p3cdn1.secureserver.net/wp-includes/js/jquery/jquery-migrate.min47a9.js]
[98o976.p3cdn1.secureserver.net/wp-content/uploads/2022/01/cropped-Untitled_design__3_-removebg-preview-32x32.png]
[98o976.p3cdn1.secureserver.net/wp-content/uploads/2022/01/cropped-Untitled_design__3_-removebg-preview-192x192.png]
[98o976.p3cdn1.secureserver.net/wp-content/uploads/2022/01/cropped-Untitled_design__3_-removebg-preview-180x180.png]
[98o976.p3cdn1.secureserver.net/wp-content/uploads/2024/03/Untitled_design__3_-removebg-preview-1-173x123.png]
[98o976.p3cdn1.secureserver.net/wp-content/uploads/2024/03/meeting-workplace-team-5395615-1b0d0.jpg]
[98o976.p3cdn1.secureserver.net/wp-content/uploads/2022/01/skyscraper-architecture-eccentric-tower-2175943b0d0.jpg]
[98o976.p3cdn1.secureserver.net/wp-content/uploads/2024/03/Shirleyb0d0.png]
[98o976.p3cdn1.secureserver.net/wp-content/uploads/2024/03/Andrewb0d0.png]
[98o976.p3cdn1.secureserver.net/wp-content/uploads/2024/03/Terryb0d0.png]
[98o976.p3cdn1.secureserver.net/wp-content/uploads/2024/03/Muradb0d0.png]
[98o976.p3cdn1.secureserver.net/wp-content/uploads/2021/03/team-imgb0d0.jpg]
[98o976.p3cdn1.secureserver.net/wp-content/uploads/2020/08/team-2-1b0d0.jpg]
[98o976.p3cdn1.secureserver.net/wp-content/uploads/2020/08/team-3-1b0d0.jpg]
[98o976.p3cdn1.secureserver.net/wp-content/uploads/2022/01/Untitled_design__3_-removebg-preview-1b0d0.png]
[98o976.p3cdn1.secureserver.net/wp-content/themes/astra/assets/js/minified/frontend.min6031.js]
[98o976.p3cdn1.secureserver.net/wp-includes/js/dist/dom-ready.mine444.js]
[98o976.p3cdn1.secureserver.net/wp-content/plugins/astra-sites/inc/lib/onboarding/assets/dist/template-preview/main0e8e.js]
[98o976.p3cdn1.secureserver.net/wp-content/plugins/elementor/assets/lib/jquery-numerator/jquery-numerator.mincc8a.js]
[98o976.p3cdn1.secureserver.net/wp-content/plugins/elementor/assets/js/webpack.runtime.min2d5e.js]
[98o976.p3cdn1.secureserver.net/wp-content/plugins/elementor/assets/js/frontend-modules.min2d5e.js]
[98o976.p3cdn1.secureserver.net/wp-includes/js/jquery/ui/core.mindc8f.js]
[98o976.p3cdn1.secureserver.net/wp-content/plugins/elementor/assets/js/frontend.min2d5e.js]
[98o.976.myftpupload.com/index.html]
[98o976.p3cdn1.secureserver.net/wp-content/uploads/elementor/css/post-7111af.css]
[98o976.p3cdn1.secureserver.net/wp-content/uploads/2022/01/business-meeting-1b0d0.jpg]
[98o976.p3cdn1.secureserver.net/wp-content/uploads/2022/01/galaxy-hotel-macau-china-hd-wallpaper-for-desktop-1920×1200-wallpaper-preview-1b0d0.jpg]
[98o976.p3cdn1.secureserver.net/wp-content/uploads/2022/01/team-business-asians-5772023b0d0.jpg]
[98o976.p3cdn1.secureserver.net/wp-content/uploads/2022/01/f0a35355f71fd745735066e19aaf1ba9b0d0.jpg]
[98o.976.myftpupload.com/about/index.html]
[98o976.p3cdn1.secureserver.net/wp-content/uploads/elementor/css/post-1895782f.css]
[98o.976.myftpupload.com/services/index.html]
[98o976.p3cdn1.secureserver.net/wp-content/plugins/wpforms-lite/assets/css/frontend/classic/wpforms-base.min153c.css]
[98o976.p3cdn1.secureserver.net/wp-content/plugins/elementor/assets/css/widget-google_maps.min2d5e.css]
[98o976.p3cdn1.secureserver.net/wp-content/uploads/elementor/css/post-735eeb.css]
[98o.976.myftpupload.com/contact-us/index.html]
[www.google.com/maps/embed8111.html]
[gmpg.org/xfn/11.html]
[fonts.googleapis.com/index.html]
[98o976.p3cdn1.secureserver.net/index.html]
[98o976.p3cdn1.secureserver.net/wp-content/themes/astra/assets/css/minified/main.min6031.css]
[fonts.gstatic.com/s/barlowsemicondensed/v15/wlpigxjLBV1hqnzfr-F8sEYMB0Yybp0mudRfp66_B2sg.ttf]
[fonts.googleapis.com/csseb81.css]
[98o976.p3cdn1.secureserver.net/wp-content/plugins/elementor/assets/lib/eicons/css/elementor-icons.min8a6c.css]
[98o976.p3cdn1.secureserver.net/wp-content/plugins/elementor/assets/css/frontend.min2d5e.css]
[98o976.p3cdn1.secureserver.net/wp-content/plugins/elementor/assets/lib/swiper/v8/css/swiper.min8d02.css]
[98o976.p3cdn1.secureserver.net/wp-content/plugins/elementor/assets/css/conditionals/e-swiper.min2d5e.css]
[98o976.p3cdn1.secureserver.net/wp-content/uploads/elementor/css/post-1182b8f8.css]
[98o976.p3cdn1.secureserver.net/wp-content/plugins/elementor/assets/lib/font-awesome/css/all.min2d5e.css]
[98o976.p3cdn1.secureserver.net/wp-content/plugins/elementor/assets/lib/font-awesome/css/v4-shims.min2d5e.css]
[98o976.p3cdn1.secureserver.net/wp-content/plugins/elementor/assets/css/widget-heading.min2d5e.css]
[98o976.p3cdn1.secureserver.net/wp-content/plugins/elementor/assets/css/widget-text-editor.min2d5e.css]
[98o976.p3cdn1.secureserver.net/wp-content/plugins/elementor/assets/css/widget-icon-box.min2d5e.css]
[98o976.p3cdn1.secureserver.net/wp-content/plugins/elementor/assets/css/widget-divider.min2d5e.css]
[98o976.p3cdn1.secureserver.net/wp-content/plugins/elementor/assets/css/widget-icon-list.min2d5e.css]
[98o976.p3cdn1.secureserver.net/wp-content/plugins/elementor/assets/css/widget-image.min2d5e.css]
[98o976.p3cdn1.secureserver.net/wp-content/plugins/elementor/assets/css/widget-testimonial.min2d5e.css]
[98o976.p3cdn1.secureserver.net/wp-content/plugins/elementor/assets/css/widget-image-box.min2d5e.css]
[98o976.p3cdn1.secureserver.net/wp-content/plugins/elementor/assets/css/widget-social-icons.min2d5e.css]
[98o976.p3cdn1.secureserver.net/wp-content/plugins/elementor/assets/css/conditionals/apple-webkit.min2d5e.css]
[98o976.p3cdn1.secureserver.net/wp-content/plugins/elementor/assets/css/widget-counter.min2d5e.css]
[98o976.p3cdn1.secureserver.net/wp-content/uploads/elementor/css/post-2adf4.css]
[fonts.gstatic.com/s/roboto/v32/KFOmCnqEu92Fr1Mu4mxP.ttf]
[fonts.gstatic.com/s/roboto/v32/KFOiCnqEu92Fr1Mu51QrEzAdKg.ttf]
[fonts.gstatic.com/s/roboto/v32/KFOjCnqEu92Fr1Mu51TjASc6CsE.ttf]
[fonts.gstatic.com/s/roboto/v32/KFOkCnqEu92Fr1Mu51xIIzc.ttf]
[fonts.gstatic.com/s/roboto/v32/KFOjCnqEu92Fr1Mu51S7ACc6CsE.ttf]
[fonts.gstatic.com/s/roboto/v32/KFOjCnqEu92Fr1Mu51TzBic6CsE.ttf]
[fonts.gstatic.com/s/roboto/v32/KFOjCnqEu92Fr1Mu51TLBCc6CsE.ttf]
[fonts.gstatic.com/s/roboto/v32/KFOkCnqEu92Fr1MmgVxIIzc.ttf]
[fonts.gstatic.com/s/roboto/v32/KFOlCnqEu92Fr1MmSU5fBBc9.ttf]
[fonts.gstatic.com/s/roboto/v32/KFOlCnqEu92Fr1MmEU9fBBc9.ttf]
[fonts.gstatic.com/s/roboto/v32/KFOlCnqEu92Fr1MmWUlfBBc9.ttf]
[fonts.gstatic.com/s/roboto/v32/KFOlCnqEu92Fr1MmYUtfBBc9.ttf]
[fonts.gstatic.com/s/robotoslab/v34/BngbUXZYTXPIvIBgJJSb6s3BzlRRfKOFbvjojIWmb2Rm.ttf]
[fonts.gstatic.com/s/robotoslab/v34/BngbUXZYTXPIvIBgJJSb6s3BzlRRfKOFbvjoDISmb2Rm.ttf]
[fonts.gstatic.com/s/robotoslab/v34/BngbUXZYTXPIvIBgJJSb6s3BzlRRfKOFbvjo0oSmb2Rm.ttf]
[fonts.gstatic.com/s/robotoslab/v34/BngbUXZYTXPIvIBgJJSb6s3BzlRRfKOFbvjojISmb2Rm.ttf]
[fonts.gstatic.com/s/robotoslab/v34/BngbUXZYTXPIvIBgJJSb6s3BzlRRfKOFbvjovoSmb2Rm.ttf]
[fonts.gstatic.com/s/robotoslab/v34/BngbUXZYTXPIvIBgJJSb6s3BzlRRfKOFbvjoUoOmb2Rm.ttf]
[fonts.gstatic.com/s/robotoslab/v34/BngbUXZYTXPIvIBgJJSb6s3BzlRRfKOFbvjoa4Omb2Rm.ttf]
[fonts.gstatic.com/s/robotoslab/v34/BngbUXZYTXPIvIBgJJSb6s3BzlRRfKOFbvjoDIOmb2Rm.ttf]
[fonts.googleapis.com/css753a.css]
[98o976.p3cdn1.secureserver.net/wp-content/plugins/elementor/assets/lib/font-awesome/css/fontawesome.minb663.css]
[98o976.p3cdn1.secureserver.net/wp-content/plugins/elementor/assets/lib/font-awesome/css/solid.minb663.css]
[98o976.p3cdn1.secureserver.net/wp-content/plugins/elementor/assets/lib/font-awesome/css/regular.minb663.css]
[98o976.p3cdn1.secureserver.net/wp-content/plugins/elementor/assets/lib/font-awesome/css/brands.minb663.css]
[fonts.gstatic.com/s/robotoslab/v34/BngbUXZYTXPIvIBgJJSb6s3BzlRRfKOFbvjoJYOmb2Rm.ttf]
[fonts.gstatic.com/index.html]
[98o976.p3cdn1.secureserver.net/wp-content/uploads/elementor/css/post-7111af.css]
[98o976.p3cdn1.secureserver.net/wp-content/uploads/elementor/css/post-1895782f.css]
[98o976.p3cdn1.secureserver.net/wp-content/plugins/wpforms-lite/assets/css/frontend/classic/wpforms-base.min153c.css]
[98o976.p3cdn1.secureserver.net/wp-content/plugins/elementor/assets/css/widget-google_maps.min2d5e.css]
[98o976.p3cdn1.secureserver.net/wp-content/uploads/elementor/css/post-735eeb.css]
[maps.gstatic.com/maps-api-v3/embed/js/59/1/init_embed.js]
[www.google.com/maps/embed8111.html]
[gmpg.org/xfn/default.css]
[gmpg.org/xfn/.html]
[gmpg.org/xfn/pix/intro/five-met.gif]
[gmpg.org/xfn/pix/intro/five-acqfr.gif]
[gmpg.org/xfn/pix/intro/five-prof.gif]
[gmpg.org/xfn/pix/intro/five-lovefam.gif]
[gmpg.org/xfn/intro.html]
[gmpg.org/xfn/faq.html]
[gmpg.org/xfn/thanks.html]
[gmpg.org/xfn/index.html]
[gmpg.org/xfn/xfn-btn.gif]
[gmpg.org/xfn/join.html]
[gmpg.org/xfn/background.html]
[gmpg.org/xfn/tools.html]
[gmpg.org/xfn/pix/mememememe.png]
[gmpg.org/xfn/and/index.html]
[gmpg.org/xfn/helping.html]
[gmpg.org/xfn/feedback.html]
[gmpg.org/xfn/creator.html]
[gmpg.org/xfn/xfn-mini.gif]
[gmpg.org/xfn/more.html]
[gmpg.org/xfn/press.html]
[gmpg.org/xfn/index-2.html]
[gmpg.org/xfn/1.html]
[gmpg.org/xfn/creator-fr.html]
[gmpg.org/xfn/creator-it.html]
[gmpg.org/xfn/creator-es.html]
[gmpg.org/xfn/creator-nl.html]
[gmpg.org/xfn/creator-cs.html]
[gmpg.org/xfn/creator-ja.html]
[gmpg.org/xfn/and/foaf.html]
[gmpg.org/xfn/and/index-2.html]
[gmpg.org/xfn/count.css]
[junk.metafilter.com/xfn.gif]
